exports[`test Snapshot 1`] = `
<div>
  <button
    className="dialog-close">
    <i
      className="icon-close" />
  </button>
  <p>
    This is a MineSweeper game implemented with React and Redux.
    <br />
    <br />
    You can play it in the same way as the original MineSweeper.
  </p>
  <ul>
    <li>
      Left Click to open a tile
    </li>
    <li>
      Right Click to \"flag\" a tile
    </li>
    <li>
      You\'ll lose if you open a mine
    </li>
    <li>
      You\'ll win if you open all mine-free tiles
    </li>
  </ul>
  <p
    className="about-footer">
    Good luck !
    <br />
    <br />
    <a
      href="https://twitter.com/hihuz"
      rel="noopener noreferrer"
      target="_blank">
      @hihuz
    </a>
  </p>
</div>
`;
