exports[`test Snapshot 1`] = `
<div
  className="cell"
  onClick={[Function]}
  onContextMenu={[Function]}
  style={
    Object {
      "color": "#000",
    }
  }>
   
</div>
`;
