exports[`test Snapshot 1`] = `
<div>
  <button
    className="dialog-close">
    <i
      className="icon-close" />
  </button>
  <p
    className="congrats-para">
    Congratulations !
  </p>
</div>
`;
