exports[`test Snapshot 1`] = `
<div
  className="game-infos">
  <BombTracker />
  <GameReset />
  <GameTimer />
</div>
`;
